For help and more information, visit https://do.co/3gY97ha

********************************************************************************
To delete this message of the day: rm -rf /etc/update-motd.d/99-one-click
Last login: Sat Apr  5 00:10:19 2025 from 184.145.117.5
root@lamp-ubuntu-s-1vcpu-1gb-tor1-01:~# apt-get install nmap
nmap --version
Reading package lists... Done
Building dependency tree... Done
Reading state information... Done
The following additional packages will be installed:
  libblas3 liblinear4 libssh2-1t64 nmap-common
Suggested packages:
  liblinear-tools liblinear-dev ncat ndiff zenmap
The following NEW packages will be installed:
  libblas3 liblinear4 libssh2-1t64 nmap nmap-common
0 upgraded, 5 newly installed, 0 to remove and 99 not upgraded.
Need to get 6286 kB of archives.
After this operation, 27.4 MB of additional disk space will be used.
Do you want to continue? [Y/n] y
Get:1 http://mirrors.digitalocean.com/ubuntu noble-updates/main amd64 libblas3 amd64 3.12.0-3build1.1 [238 kB]
Get:2 http://mirrors.digitalocean.com/ubuntu noble/universe amd64 liblinear4 amd64 2.3.0+dfsg-5build1 [42.3 kB]
Get:3 http://mirrors.digitalocean.com/ubuntu noble/main amd64 libssh2-1t64 amd64 1.11.0-4.1build2 [120 kB]
Get:4 http://mirrors.digitalocean.com/ubuntu noble/universe amd64 nmap-common all 7.94+git20230807.3be01efb1+dfsg-3build2 [4192 kB]
Get:5 http://mirrors.digitalocean.com/ubuntu noble/universe amd64 nmap amd64 7.94+git20230807.3be01efb1+dfsg-3build2 [1694 kB]
Fetched 6286 kB in 6s (970 kB/s)
Selecting previously unselected package libblas3:amd64.
(Reading database ... 109676 files and directories currently installed.)
Preparing to unpack .../libblas3_3.12.0-3build1.1_amd64.deb ...
Unpacking libblas3:amd64 (3.12.0-3build1.1) ...
Selecting previously unselected package liblinear4:amd64.
Preparing to unpack .../liblinear4_2.3.0+dfsg-5build1_amd64.deb ...
Unpacking liblinear4:amd64 (2.3.0+dfsg-5build1) ...
Selecting previously unselected package libssh2-1t64:amd64.
Preparing to unpack .../libssh2-1t64_1.11.0-4.1build2_amd64.deb ...
Unpacking libssh2-1t64:amd64 (1.11.0-4.1build2) ...
Selecting previously unselected package nmap-common.
Preparing to unpack .../nmap-common_7.94+git20230807.3be01efb1+dfsg-3build2_all.deb ...
Unpacking nmap-common (7.94+git20230807.3be01efb1+dfsg-3build2) ...
Selecting previously unselected package nmap.
Preparing to unpack .../nmap_7.94+git20230807.3be01efb1+dfsg-3build2_amd64.deb ...
Unpacking nmap (7.94+git20230807.3be01efb1+dfsg-3build2) ...
Setting up libblas3:amd64 (3.12.0-3build1.1) ...
update-alternatives: using /usr/lib/x86_64-linux-gnu/blas/libblas.so.3 to provide /usr/lib/x86_64-linux-gnu/libblas.so.3 (libblas.so.3-x86_64-linux-gnu) in auto mode
Setting up nmap-common (7.94+git20230807.3be01efb1+dfsg-3build2) ...
Setting up libssh2-1t64:amd64 (1.11.0-4.1build2) ...
Setting up liblinear4:amd64 (2.3.0+dfsg-5build1) ...
Setting up nmap (7.94+git20230807.3be01efb1+dfsg-3build2) ...
Processing triggers for man-db (2.12.0-4build2) ...
Processing triggers for libc-bin (2.39-0ubuntu8.4) ...
Scanning processes...
Scanning linux images...

Running kernel seems to be up-to-date.

No services need to be restarted.

No containers need to be restarted.

No user sessions are running outdated binaries.

No VM guests are running outdated hypervisor (qemu) binaries on this host.
Nmap version 7.94SVN ( https://nmap.org )
Platform: x86_64-pc-linux-gnu
Compiled with: liblua-5.4.6 openssl-3.0.13 libssh2-1.11.0 libz-1.3 libpcre2-10.42 libpcap-1.10.4 nmap-libdnet-1.12 ipv6
Compiled without:
Available nsock engines: epoll poll select
root@lamp-ubuntu-s-1vcpu-1gb-tor1-01:~# nmap google.com
Starting Nmap 7.94SVN ( https://nmap.org ) at 2025-04-05 00:11 UTC
Nmap scan report for google.com (142.251.32.78)
Host is up (0.0019s latency).
Other addresses for google.com (not scanned): 2607:f8b0:400b:807::200e
rDNS record for 142.251.32.78: yyz12s07-in-f14.1e100.net
Not shown: 998 filtered tcp ports (no-response)
PORT    STATE SERVICE
80/tcp  open  http
443/tcp open  https

Nmap done: 1 IP address (1 host up) scanned in 4.53 seconds
root@lamp-ubuntu-s-1vcpu-1gb-tor1-01:~# nmap -p 443 google.com
Starting Nmap 7.94SVN ( https://nmap.org ) at 2025-04-05 00:11 UTC
Nmap scan report for google.com (142.251.32.78)
Host is up (0.0013s latency).
Other addresses for google.com (not scanned): 2607:f8b0:400b:807::200e
rDNS record for 142.251.32.78: yyz12s07-in-f14.1e100.net

PORT    STATE SERVICE
443/tcp open  https

Nmap done: 1 IP address (1 host up) scanned in 0.07 seconds
root@lamp-ubuntu-s-1vcpu-1gb-tor1-01:~# nmap -p 20-100 google.com
Starting Nmap 7.94SVN ( https://nmap.org ) at 2025-04-05 00:11 UTC
Nmap scan report for google.com (142.251.32.78)
Host is up (0.0035s latency).
Other addresses for google.com (not scanned): 2607:f8b0:400b:807::200e
rDNS record for 142.251.32.78: yyz12s07-in-f14.1e100.net
Not shown: 80 filtered tcp ports (no-response)
PORT   STATE SERVICE
80/tcp open  http

Nmap done: 1 IP address (1 host up) scanned in 1.68 seconds
root@lamp-ubuntu-s-1vcpu-1gb-tor1-01:~# nmap -F google.com
Starting Nmap 7.94SVN ( https://nmap.org ) at 2025-04-05 00:11 UTC
Nmap scan report for google.com (142.251.32.78)
Host is up (0.0015s latency).
Other addresses for google.com (not scanned): 2607:f8b0:400b:807::200e
rDNS record for 142.251.32.78: yyz12s07-in-f14.1e100.net
Not shown: 98 filtered tcp ports (no-response)
PORT    STATE SERVICE
80/tcp  open  http
443/tcp open  https

Nmap done: 1 IP address (1 host up) scanned in 1.78 seconds
root@lamp-ubuntu-s-1vcpu-1gb-tor1-01:~# exit
logout
Connection to 137.184.167.82 closed.
root@lamp-ubuntu-s-1vcpu-1gb-tor1-01:~# ^[[200~cd /d/Users/Lorenzo/Desktop/comp3134Winter2025/wk2
notepad nmap.txt
^[[201~cd: command not found
root@lamp-ubuntu-s-1vcpu-1gb-tor1-01:~# notepad nmap.txt
notepad: command not found
root@lamp-ubuntu-s-1vcpu-1gb-tor1-01:~# ~exit
~exit: command not found
root@lamp-ubuntu-s-1vcpu-1gb-tor1-01:~# cd /d/Users/Lorenzo/Desktop/comp3134Winter2025/wk2
notepad nmap.txt
-bash: cd: /d/Users/Lorenzo/Desktop/comp3134Winter2025/wk2: No such file or directory
notepad: command not found
root@lamp-ubuntu-s-1vcpu-1gb-tor1-01:~# ^C
root@lamp-ubuntu-s-1vcpu-1gb-tor1-01:~# exit
logout
Connection to 137.184.167.82 closed.
